- "georgia"
- "romania"
- "bermuda"
- "el salvador"
- "st. lucia"
- "pakistan"
- "korea"
- "indonesia"
- "guernsey"
- "liechtenstein"
- "united arab emirates"
- "syria"
- "netherlands antilles"
- "jan mayen"
- "estonia"
- "west bank"
- "somalia"
- "finland"
- "sao tome and principe"
- "qatar"
- "cook island"
- "sri lanka"
- "lebanon"
- "niger"
- "niue"
- "zaire"
- "mauritania"
- "french southern and antarctic lands"
- "ivory coast"
- "gambia"
- "moldova"
- "western sahara"
- "ashmore and cartier islands"
- "antarctica"
- "peru"
- "sierra leone"
- "federated states of micronesia"
- "bahrain"
- "united kingdom"
- "uzbekistan"
- "kazakhstan"
- "azerbaijan"
- "bangladesh"
- "bhutan"
- "yugoslavia"
- "kyrghyzstan"
- "france"
- "baker island"
- "svalbard"
- "uruguay"
- "coral sea islands"
- "italy"
- "hungary"
- "sweden"
- "trinidad and tobago"
- "oman"
- "taiwan"
- "mongolia"
- "turkmenistan"
- "new zealand"
- "honduras"
- "cyprus"
- "poland"
- "senegal"
- "brazil"
- "barbados"
- "paracel islands"
- "solomon islands"
- "hong kong"
- "marshall islands"
- "morocco"
- "madagascar"
- "ghana"
- "venezuela"
- "zambia"
- "estonia"
- "china"
- "nepal"
- "vatican city"
- "canada"
- "mexico"
- "afghanistan"
- "wallis and futuna"
- "belgium"
- "equatorial guinea"
- "ethiopia"
- "united states"
- "trust territory of the pacific"
- "anguilla"
- "glorioso islands"
- "gabon"
- "midway islands"
- "guadeloupe"
- "antigua and barbuda"
- "juan de nova island"
- "australia"
- "ajerbaijan"
- "grenada"
- "cape verde"
- "reunion"
- "philippines"
- "maldives"
- "montserrat"
- "benin"
- "armenia"
- "singapore"
- "argentina"
- "chile"
- "guam"
- "burundi"
- "pitcairn islands"
- "johnston atoll"
- "san marino"
- "kingman reef"
- "costa rica"
- "tokelau"
- "howland island"
- "british virgin islands"
- "guinea-bissau"
- "palmyra atoll"
- "ukraine"
- "st. vincent and the grenadines"
- "comoros"
- "libya"
- "bassas da india"
- "german democratic republic"
- "clipperton island"
- "tunisia"
- "denmark"
- "dominican republic"
- "new caledonia"
- "turks and caicos islands"
- "laos"
- "ireland"
- "thailand"
- "brunei"
- "kiribati"
- "martinique"
- "tanzania"
- "europa island"
- "spratly islands"
- "st. pierre and miquelon"
- "aruba"
- "jordan"
- "gaza strip"
- "wake island"
- "rwanda"
- "greenland"
- "fiji"
- "malawi"
- "ussr"
- "bahamas"
- "iceland"
- "malta"
- "mayotte"
- "macau"
- "algeria"
- "mozambique"
- "burkina"
- "bolivia"
- "austria"
- "cuba"
- "nauru"
- "zimbabwe"
- "angola"
- "french guiana"
- "uraguay"
- "norway"
- "christmas island"
- "british indian ocean territory"
- "india"
- "gilbert and ellice islands"
- "lithuania"
- "tajikistan"
- "bulgaria"
- "american samoa"
- "lithuania"
- "guinea"
- "vietnam"
- "bouvet island"
- "dominica"
- "luxembourg"
- "paraguay"
- "belize"
- "mali"
- "andorra"
- "albania"
- "iraq-saudia arabia neutral zone"
- "swaziland"
- "jamaica"
- "jersey"
- "mauritius"
- "kenya"
- "spain"
- "colombia"
- "chad"
- "norfolk island"
- "portugal"
- "cambodia"
- "gibraltar"
- "vanuatu"
- "ecuador"
- "french polynesia"
- "nigeria"
- "malaysia"
- "russian federation"
- "togo"
- "jarvis island"
- "liberia"
- "central african republic"
- "northern mariana islands"
- "papua new guinea"
- "germany"
- "uganda"
- "tromelin island"
- "puerto rico"
- "guyana"
- "cameroon"
- "south africa"
- "monaco"
- "federal republic of germany"
- "isle of man"
- "burma"
- "israel"
- "seychelles"
- "japan"
- "st. helena"
- "cocos islands"
- "republic of korea"
- "switzerland"
- "guatemala"
- "haiti"
- "faroe islands"
- "virgin islands"
- "congo"
- "botswana"
- "czechoslovakia"
- "iran"
- "st. kitts and nevis"
- "western samoa"
- "heard and mcdonald islands"
- "greece"
- "navassa island"
- "djibouti"
- "nicaragua"
- "lesotho"
- "latvia"
- "iraq"
- "belarus"
- "egypt"
- "netherlands"
- "panama"
- "tuvalu"
- "latvia"
- "sudan"
- "suriname"
- "falkland islands"
- "cayman islands"
- "tonga"
- "turkey"
- "kuwait"
- "namibia"
- "saudi arabia"
