- "co-director"
- "president"
- "manager"
- "exeuctive director"
- "group marketing director"
- "vice chancellor"
- "artist director"
- "sr. manager"
- "governor"
- "ex-executive director"
- "president nazi/communist/fascist"
- "associate director"
- "co-deputy director"
- "president director general"
- "acting managing director"
- "chancellor"
- "art director"
- "chief executive officer"
- "cfm executive director"
- "chief director"
- "ringleader"
- "management director"
- "senior director/director"
- "associate director/director"
- "codirector"
- "associate executive director"
- "chief operating officer"
- "president/general manager"
- "associate division director"
- "chief federal officer"
- "executive editorial director"
- "prime minister"
- "group managing director"
- "vice director"
- "presidente y director"
- "assist executive director"
- "senior/executive director"
- "global managing director"
- "global executive director"
- "board president"
- "association executive director"
- "manager cc directormanager"
- "associate deputy director"
- "general vice president"
- "managing director"
- "editor"
- "dictator"
- "finance director"
- "ex-finance director"
- "administrative manager"
- "group executive editor"
- "managingdirector"
- "executive/artistic director"
- "senator"
- "council executive director"
- "acting executive director"
- "president elect"
- "associate / director"
- "associate artistic director"
- "manager/director"
- "international operations manager"
- "president-general manager"
- "executrive director"
- "interim executive director"
- "chief-of-staff"
- "publisher"
- "rep."
- "general accounting director"
- "association president director"
- "sen."
- "president/managing director"
- "manager president"
- "business director"
- "associate regional director"
- "foreign ministry director"
- "artistic director"
- "corporate vice president"
- "mayor"
- "chief executive director"
- "co-creative director"
- "vice-chancellor"
- "vice president director"
- "top member"
- "president office chemist"
- "archbishop"
- "international relations manager"
- "cfo/general manager"
- "budget deputy director"
- "corporate manager"
- "manager r director"
- "president director"
- "marketing general manager"
- "associate creative director"
- "sr manager"
- "corporation managing director"
- "coo"
- "corporate general manager"
- "coordinating director"
- "chief of staff"
- "group manager"
- "associate medical director"
- "president/chief"
- "president impersonator"
- "manager director"
- "general manager"
- "senior director/executive director"
- "exective director"
- "interim director"
- "manager/associate director"
- "co-chairman"
- "executive board director"
- "council program director"
- "international group manager"
- "president vice-president treasurer"
- "dean"
- "interim manager"
- "chairwoman"
- "foreign office director"
- "vice president-director"
- "head"
- "chief executive"
- "chief"
- "vice president/director"
- "co-executive director"
- "finance ministry director"
- "association manager"
- "executive director"
- "group finance director"
- "vice president-general manager"
- "exeutive director"
- "acting chief director"
- "associate country director"
- "vice executive director"
- "international product manager"
- "co-chief administrative officer"
- "associate athletic director"
- "group executive director"
- "executive"
- "chief manager"
- "owner"
- "acting director"
- "interim general manager"
- "executive officer"
- "interim managing director"
- "chairman"
- "manager administrator"
- "vice-director"
- "group general manager"
- "ex-general manager"
- "executive general manager"
- "minster"
- "global marketing director"
- "executive director president"
- "executive chef"
- "associate academic director"
- "leader"
- "artistic/executive director"
- "global finance director"
- "admin manager"
- "international general manager"
- "founder director"
- "foreign relations director"
- "managinig director"
- "international manager"
- "corporate director"
- "coach"
- "foundation executive director"
- "associate vice president"
- "associate casting director"
- "co-chair"
- "representative"
- "commercial operations manager"
- "council president"
- "commander"
- "president-elect"
- "campaign finance director"
- "associate art director"
- "administrator"
- "manager/assistant director"
- "associate athletics director"
- "premier"
- "managering director"
- "interior ministry director"
- "lawmaker"
- "ceo"
- "chief financial officer"